  正在确定要还原的项目…
  无可执行操作。指定的项目均不包含可还原的包。
  BetterUnturnedExperience.Release -> D:\Agent-工作目录\DevelopMyUNMultiplayerModAndModloader\更好的UN体验\src\BetterUnturnedExperience.Release\bin\Release\BetterUnturnedExperience.Release.dll
  BetterUnturnedExperience.Contracts -> D:\Agent-工作目录\DevelopMyUNMultiplayerModAndModloader\更好的UN体验\src\BetterUnturnedExperience.Contracts\bin\Release\BetterUnturnedExperience.Contracts.dll
  BetterUnturnedExperience.Release.Tests -> D:\Agent-工作目录\DevelopMyUNMultiplayerModAndModloader\更好的UN体验\tests\BetterUnturnedExperience.Release.Tests\bin\Release\BetterUnturnedExperience.Release.Tests.exe
  BetterUnturnedExperience.Core -> D:\Agent-工作目录\DevelopMyUNMultiplayerModAndModloader\更好的UN体验\src\BetterUnturnedExperience.Core\bin\Release\BetterUnturnedExperience.Core.dll
  BetterUnturnedExperience.Contracts.Tests -> D:\Agent-工作目录\DevelopMyUNMultiplayerModAndModloader\更好的UN体验\tests\BetterUnturnedExperience.Contracts.Tests\bin\Release\BetterUnturnedExperience.Contracts.Tests.exe
  BetterUnturnedExperience.Settings.Tests -> D:\Agent-工作目录\DevelopMyUNMultiplayerModAndModloader\更好的UN体验\tests\BetterUnturnedExperience.Settings.Tests\bin\Release\BetterUnturnedExperience.Settings.Tests.exe
  BetterUnturnedExperience.Placement.Tests -> D:\Agent-工作目录\DevelopMyUNMultiplayerModAndModloader\更好的UN体验\tests\BetterUnturnedExperience.Placement.Tests\bin\Release\BetterUnturnedExperience.Placement.Tests.exe
  BetterUnturnedExperience.Transport -> D:\Agent-工作目录\DevelopMyUNMultiplayerModAndModloader\更好的UN体验\src\BetterUnturnedExperience.Transport\bin\Release\BetterUnturnedExperience.Transport.dll
  BetterUnturnedExperience.Network.Tests -> D:\Agent-工作目录\DevelopMyUNMultiplayerModAndModloader\更好的UN体验\tests\BetterUnturnedExperience.Network.Tests\bin\Release\BetterUnturnedExperience.Network.Tests.exe
  BetterUnturnedExperience.Plugin -> D:\Agent-工作目录\DevelopMyUNMultiplayerModAndModloader\更好的UN体验\src\BetterUnturnedExperience.Plugin\bin\Release\BetterUnturnedExperience.dll
  BetterUnturnedExperience.ClientUi -> D:\Agent-工作目录\DevelopMyUNMultiplayerModAndModloader\更好的UN体验\src\BetterUnturnedExperience.ClientUi\bin\Release\BetterUnturnedExperience.ClientUi.dll
  BetterUnturnedExperience.NoOpFixture -> D:\Agent-工作目录\DevelopMyUNMultiplayerModAndModloader\更好的UN体验\src\BetterUnturnedExperience.NoOpFixture\bin\Release\BetterUnturnedExperience.NoOpFixture.dll
  BetterUnturnedExperience.ClientUi.Tests -> D:\Agent-工作目录\DevelopMyUNMultiplayerModAndModloader\更好的UN体验\tests\BetterUnturnedExperience.ClientUi.Tests\bin\Release\BetterUnturnedExperience.ClientUi.Tests.exe
  BetterUnturnedExperience.Plugin.Tests -> D:\Agent-工作目录\DevelopMyUNMultiplayerModAndModloader\更好的UN体验\tests\BetterUnturnedExperience.Plugin.Tests\bin\Release\BetterUnturnedExperience.Plugin.Tests.exe

已成功生成。
    0 个警告
    0 个错误

已用时间 00:00:03.00
