[Message:   BepInEx] BepInEx 5.4.23.5 - Unturned (2026/8/29 19:35:56)
[Info   :   BepInEx] Running under Unity v2022.3.62.9860879
[Info   :   BepInEx] CLR runtime version: 4.0.30319.42000
[Info   :   BepInEx] Supports SRE: True
[Info   :   BepInEx] System platform: Bits64, Windows
[Message:   BepInEx] Preloader started
[Info   :   BepInEx] Loaded 1 patcher method from [BepInEx.Preloader 5.4.23.5]
[Info   :   BepInEx] 1 patcher plugin loaded
[Info   :   BepInEx] Patching [UnityEngine.CoreModule] with [BepInEx.Chainloader]
[Message:   BepInEx] Preloader finished
[Message:   BepInEx] Chainloader ready
[Message:   BepInEx] Chainloader started
[Info   :   BepInEx] 1 plugin to load
[Info   :   BepInEx] Loading [Better Unturned Experience 0.0.0]
[Info   :Better Unturned Experience] [BUE-UI-TRACE] plugin=io.github.yu80rice.betterunturnedexperience diagnosticId=BUE-MANAGEMENT-TRACE-002 event=assembly-identity path=E:\Steam\steamapps\common\Unturned\BepInEx\plugins\BetterUnturnedExperience.dll sha256=2917C3035A3984B21F87D2B018F359253AD322CE9391447ADC3E3E402B1881BF
[Info   :Better Unturned Experience] [BUE-UI-TRACE] plugin=io.github.yu80rice.betterunturnedexperience diagnosticId=BUE-BOOTSTRAP-002 event=runtime-gate decision=Client batchMode=False headless=False
[Info   :Better Unturned Experience] [BUE-UI-TRACE] plugin=io.github.yu80rice.betterunturnedexperience featureId=io.github.yu80rice.bue.management-panel version=0.0.0 environmentRole=Client scenario=RemoteClient diagnosticId=BUE-MANAGEMENT-TRACE-001 event=constructed dashboardField=True workshopField=True pauseField=True
[Info   :Better Unturned Experience] [BUE-UI-TRACE] plugin=io.github.yu80rice.betterunturnedexperience featureId=io.github.yu80rice.bue.management-panel version=0.0.0 environmentRole=Client scenario=RemoteClient diagnosticId=BUE-MANAGEMENT-TRACE-001 event=patch-installed target=MenuWorkshopUI.constructor
[Info   :Better Unturned Experience] [BUE-UI-TRACE] plugin=io.github.yu80rice.betterunturnedexperience featureId=io.github.yu80rice.bue.management-panel version=0.0.0 environmentRole=Client scenario=RemoteClient diagnosticId=BUE-MANAGEMENT-TRACE-001 event=patch-installed target=PlayerPauseUI.constructor
[Info   :Better Unturned Experience] [BUE-UI-TRACE] plugin=io.github.yu80rice.betterunturnedexperience featureId=io.github.yu80rice.bue.management-panel version=0.0.0 environmentRole=Client scenario=RemoteClient diagnosticId=BUE-MANAGEMENT-TRACE-001 event=patch-installed target=MenuDashboardUI.constructor
[Info   :Better Unturned Experience] [BUE-UI-TRACE] plugin=io.github.yu80rice.betterunturnedexperience featureId=io.github.yu80rice.bue.management-panel version=0.0.0 environmentRole=Client scenario=RemoteClient diagnosticId=BUE-MANAGEMENT-TRACE-001 event=patch-installed target=MenuDashboardUI.open
[Info   :Better Unturned Experience] [BUE-UI-TRACE] plugin=io.github.yu80rice.betterunturnedexperience featureId=io.github.yu80rice.bue.management-panel version=0.0.0 environmentRole=Client scenario=RemoteClient diagnosticId=BUE-MANAGEMENT-TRACE-001 event=patch-installed target=MenuWorkshopUI.open
[Info   :Better Unturned Experience] [BUE-UI-TRACE] plugin=io.github.yu80rice.betterunturnedexperience featureId=io.github.yu80rice.bue.management-panel version=0.0.0 environmentRole=Client scenario=RemoteClient diagnosticId=BUE-MANAGEMENT-TRACE-001 event=patch-installed target=PlayerPauseUI.open
[Info   :Better Unturned Experience] [BUE-UI-TRACE] plugin=io.github.yu80rice.betterunturnedexperience featureId=io.github.yu80rice.bue.management-panel version=0.0.0 environmentRole=Client scenario=RemoteClient diagnosticId=BUE-MANAGEMENT-TRACE-001 event=patch-installed target=MenuUI.Update
[Info   :Better Unturned Experience] [BUE-UI-TRACE] plugin=io.github.yu80rice.betterunturnedexperience featureId=io.github.yu80rice.bue.management-panel version=0.0.0 environmentRole=Client scenario=RemoteClient diagnosticId=BUE-MANAGEMENT-TRACE-001 event=patch-installed target=PlayerUI.Update
[Info   :Better Unturned Experience] [BUE-UI-TRACE] plugin=io.github.yu80rice.betterunturnedexperience featureId=io.github.yu80rice.bue.management-panel version=0.0.0 environmentRole=Client scenario=RemoteClient diagnosticId=BUE-MANAGEMENT-TRACE-001 event=patch-installed target=MenuUI.escapeMenu
[Info   :Better Unturned Experience] [BUE-UI-TRACE] plugin=io.github.yu80rice.betterunturnedexperience featureId=io.github.yu80rice.bue.management-panel version=0.0.0 environmentRole=Client scenario=RemoteClient diagnosticId=BUE-MANAGEMENT-TRACE-001 event=patch-installed target=PlayerUI.escapeMenu
[Info   :Better Unturned Experience] [BUE-UI-TRACE] plugin=io.github.yu80rice.betterunturnedexperience featureId=io.github.yu80rice.bue.management-panel version=0.0.0 environmentRole=Client scenario=RemoteClient diagnosticId=BUE-MANAGEMENT-TRACE-001 event=patch-installed target=MenuUI.closeAll
[Info   :Better Unturned Experience] [BUE-UI-TRACE] plugin=io.github.yu80rice.betterunturnedexperience featureId=io.github.yu80rice.bue.management-panel version=0.0.0 environmentRole=Client scenario=RemoteClient diagnosticId=BUE-MANAGEMENT-TRACE-001 event=initialize-complete 
[Info   :Better Unturned Experience] [BUE-UI-TRACE] plugin=io.github.yu80rice.betterunturnedexperience featureId=io.github.yu80rice.bue.management-panel version=0.0.0 environmentRole=Client scenario=RemoteClient diagnosticId=BUE-MANAGEMENT-TRACE-001 event=first-tick source=Initialize
[Info   :Better Unturned Experience] [BUE-UI-TRACE] plugin=io.github.yu80rice.betterunturnedexperience featureId=io.github.yu80rice.bue.management-panel version=0.0.0 environmentRole=Client scenario=RemoteClient diagnosticId=BUE-MANAGEMENT-TRACE-001 event=container-state surface=MenuWorkshopUI state=null active=False source=Initialize
[Info   :Better Unturned Experience] [BUE-UI-TRACE] plugin=io.github.yu80rice.betterunturnedexperience featureId=io.github.yu80rice.bue.management-panel version=0.0.0 environmentRole=Client scenario=RemoteClient diagnosticId=BUE-MANAGEMENT-TRACE-001 event=container-state surface=PlayerPauseUI state=null active=False source=Initialize
[Info   :Better Unturned Experience] [BUE-UI-TRACE] plugin=io.github.yu80rice.betterunturnedexperience diagnosticId=BUE-MANAGEMENT-TRACE-003 event=runtime-pump-created object=BUE.RuntimePump
[Info   :Better Unturned Experience] BUE client UI composition ready featureId=io.github.yu80rice.bue.better-item-interaction diagnosticId=BUE-CLIENTUI-002
[Info   :Better Unturned Experience] Better Unturned Experience featureId=io.github.yu80rice.betterunturnedexperience status=BootstrapReady decision=Client diagnosticId=BUE-BOOTSTRAP-001
[Info   :Better Unturned Experience] Better Item Interaction featureId=io.github.yu80rice.bue.better-item-interaction accepted=True reason=None diagnosticId=BUE-REG-ACCEPT
[Message:   BepInEx] Chainloader startup complete
[Warning:Better Unturned Experience] [BUE-UI-TRACE] plugin=io.github.yu80rice.betterunturnedexperience event=host-destroyed state=preserved patches-kept=true diagnosticId=BUE-CLIENTUI-005
[Info   :Better Unturned Experience] [BUE-UI-TRACE] plugin=io.github.yu80rice.betterunturnedexperience featureId=io.github.yu80rice.bue.management-panel version=0.0.0 environmentRole=Client scenario=RemoteClient diagnosticId=BUE-MANAGEMENT-TRACE-001 event=constructor-postfix source=Harmony
[Info   :Better Unturned Experience] [BUE-UI-TRACE] plugin=io.github.yu80rice.betterunturnedexperience featureId=io.github.yu80rice.bue.management-panel version=0.0.0 environmentRole=Client scenario=RemoteClient diagnosticId=BUE-MANAGEMENT-TRACE-001 event=create-button-begin surface=MenuDashboardUI source=Harmony
[Info   :Better Unturned Experience] [BUE-UI-TRACE] plugin=io.github.yu80rice.betterunturnedexperience featureId=io.github.yu80rice.bue.management-panel version=0.0.0 environmentRole=Client scenario=RemoteClient diagnosticId=BUE-MANAGEMENT-TRACE-001 event=add-child-success surface=MenuDashboardUI source=Harmony
[Info   :Better Unturned Experience] [BUE-UI-TRACE] plugin=io.github.yu80rice.betterunturnedexperience featureId=io.github.yu80rice.bue.management-panel version=0.0.0 environmentRole=Client scenario=RemoteClient diagnosticId=BUE-MANAGEMENT-TRACE-001 event=container-state surface=MenuWorkshopUI state=SDG.Unturned.SleekFullscreenBox active=False source=Harmony
[Info   :Better Unturned Experience] [BUE-UI-TRACE] plugin=io.github.yu80rice.betterunturnedexperience featureId=io.github.yu80rice.bue.management-panel version=0.0.0 environmentRole=Client scenario=RemoteClient diagnosticId=BUE-MANAGEMENT-TRACE-001 event=create-button-begin surface=MenuWorkshopUI source=Harmony
[Info   :Better Unturned Experience] [BUE-UI-TRACE] plugin=io.github.yu80rice.betterunturnedexperience featureId=io.github.yu80rice.bue.management-panel version=0.0.0 environmentRole=Client scenario=RemoteClient diagnosticId=BUE-MANAGEMENT-TRACE-001 event=create-button-result surface=MenuWorkshopUI created=True source=Harmony
[Info   :Better Unturned Experience] [BUE-UI-TRACE] plugin=io.github.yu80rice.betterunturnedexperience featureId=io.github.yu80rice.bue.management-panel version=0.0.0 environmentRole=Client scenario=RemoteClient diagnosticId=BUE-MANAGEMENT-TRACE-001 event=add-child-success surface=MenuWorkshopUI source=Harmony
[Info   :Better Unturned Experience] [BUE-UI-TRACE] plugin=io.github.yu80rice.betterunturnedexperience featureId=io.github.yu80rice.bue.management-panel version=0.0.0 environmentRole=Client scenario=RemoteClient diagnosticId=BUE-MANAGEMENT-TRACE-001 event=constructor-postfix source=Harmony
[Info   :Better Unturned Experience] [BUE-UI-TRACE] plugin=io.github.yu80rice.betterunturnedexperience featureId=io.github.yu80rice.bue.management-panel version=0.0.0 environmentRole=Client scenario=RemoteClient diagnosticId=BUE-MANAGEMENT-TRACE-001 event=host-ui-tick source=VanillaUiUpdate
[Info   :Better Unturned Experience] [BUE-UI-TRACE] plugin=io.github.yu80rice.betterunturnedexperience featureId=io.github.yu80rice.bue.management-panel version=0.0.0 environmentRole=Client scenario=RemoteClient diagnosticId=BUE-MANAGEMENT-TRACE-001 event=surface-opened source=Harmony
[Info   :Better Unturned Experience] [BUE-UI-TRACE] plugin=io.github.yu80rice.betterunturnedexperience featureId=io.github.yu80rice.bue.management-panel version=0.0.0 environmentRole=Client scenario=RemoteClient diagnosticId=BUE-MANAGEMENT-TRACE-001 event=surface-opened source=Harmony
